[debug] [2026-08-28T19:53:03.113Z] ----------------------------------------------------------------------
[debug] [2026-08-28T19:53:03.120Z] Command:       C:\Program Files\nodejs\node.exe C:\Users\dell\AppData\Roaming\npm\node_modules\firebase-tools\lib\bin\firebase.js deploy --only hosting
[debug] [2026-08-28T19:53:03.121Z] CLI Version:   15.28.2
[debug] [2026-08-28T19:53:03.122Z] Platform:      win32
[debug] [2026-08-28T19:53:03.122Z] Node Version:  v24.12.0
[debug] [2026-08-28T19:53:03.123Z] Detected Agent: unknown
[debug] [2026-08-28T19:53:03.123Z] Time:          Fri Aug 28 2026 16:53:03 GMT-0300 (Horário Padrão de Brasília)
[debug] [2026-08-28T19:53:03.123Z] ----------------------------------------------------------------------
[debug] 
[debug] [2026-08-28T19:53:06.985Z] > command requires scopes: ["email","openid","https://www.googleapis.com/auth/cloudplatformprojects.readonly","https://www.googleapis.com/auth/firebase","https://www.googleapis.com/auth/cloud-platform"]
[debug] [2026-08-28T19:53:06.986Z] > authorizing via signed-in user (dominique.goncalves61@gmail.com)
[debug] [2026-08-28T19:53:06.986Z] [iam] checking project n for permissions ["firebase.projects.get","firebasehosting.sites.update"]
[debug] [2026-08-28T19:53:07.024Z] Checked if tokens are valid: true, expires at: 1787949499529
[debug] [2026-08-28T19:53:07.024Z] Checked if tokens are valid: true, expires at: 1787949499529
[debug] [2026-08-28T19:53:07.027Z] >>> [apiv2][query] POST https://cloudresourcemanager.googleapis.com/v1/projects/n:testIamPermissions [none]
[debug] [2026-08-28T19:53:07.027Z] >>> [apiv2][(partial)header] POST https://cloudresourcemanager.googleapis.com/v1/projects/n:testIamPermissions  x-goog-user-project=n
[debug] [2026-08-28T19:53:07.027Z] >>> [apiv2][body] POST https://cloudresourcemanager.googleapis.com/v1/projects/n:testIamPermissions {"permissions":["firebase.projects.get","firebasehosting.sites.update"]}
[debug] [2026-08-28T19:53:08.080Z] <<< [apiv2][status] POST https://cloudresourcemanager.googleapis.com/v1/projects/n:testIamPermissions 400
[debug] [2026-08-28T19:53:08.080Z] <<< [apiv2][body] POST https://cloudresourcemanager.googleapis.com/v1/projects/n:testIamPermissions {"error":{"code":400,"message":"Project 'projects/n' not found or deleted.","status":"INVALID_ARGUMENT","details":[{"@type":"type.googleapis.com/google.rpc.ErrorInfo","reason":"USER_PROJECT_DENIED","domain":"googleapis.com","metadata":{"service":"cloudresourcemanager.googleapis.com","consumer":"projects/n","containerInfo":"projects/n"}}]}}
[debug] [2026-08-28T19:53:08.082Z] [iam] error while checking permissions, command may fail: Request to https://cloudresourcemanager.googleapis.com/v1/projects/n:testIamPermissions had HTTP Error: 400, Project 'projects/n' not found or deleted.
[debug] [2026-08-28T19:53:08.083Z] Checked if tokens are valid: true, expires at: 1787949499529
[debug] [2026-08-28T19:53:08.083Z] Checked if tokens are valid: true, expires at: 1787949499529
[debug] [2026-08-28T19:53:08.084Z] >>> [apiv2][query] GET https://firebase.googleapis.com/v1beta1/projects/n [none]
[debug] [2026-08-28T19:53:08.912Z] <<< [apiv2][status] GET https://firebase.googleapis.com/v1beta1/projects/n 403
[debug] [2026-08-28T19:53:08.913Z] <<< [apiv2][body] GET https://firebase.googleapis.com/v1beta1/projects/n {"error":{"code":403,"message":"The caller does not have permission","status":"PERMISSION_DENIED"}}
[debug] [2026-08-28T19:53:08.914Z] Request to https://firebase.googleapis.com/v1beta1/projects/n had HTTP Error: 403, The caller does not have permission
[debug] [2026-08-28T19:53:09.063Z] FirebaseError: Request to https://firebase.googleapis.com/v1beta1/projects/n had HTTP Error: 403, The caller does not have permission
    at responseToError (C:\Users\dell\AppData\Roaming\npm\node_modules\firebase-tools\lib\responseToError.js:53:12)
    at RetryOperation._fn (C:\Users\dell\AppData\Roaming\npm\node_modules\firebase-tools\lib\apiv2.js:415:77)
    at process.processTicksAndRejections (node:internal/process/task_queues:103:5)
[error] 
[error] Error: Failed to get Firebase project n. Please make sure the project exists and your account has permission to access it.
[debug] [2026-08-28T19:53:23.403Z] ----------------------------------------------------------------------
[debug] [2026-08-28T19:53:23.412Z] Command:       C:\Program Files\nodejs\node.exe C:\Users\dell\AppData\Roaming\npm\node_modules\firebase-tools\lib\bin\firebase.js deploy
[debug] [2026-08-28T19:53:23.413Z] CLI Version:   15.28.2
[debug] [2026-08-28T19:53:23.413Z] Platform:      win32
[debug] [2026-08-28T19:53:23.413Z] Node Version:  v24.12.0
[debug] [2026-08-28T19:53:23.414Z] Detected Agent: unknown
[debug] [2026-08-28T19:53:23.414Z] Time:          Fri Aug 28 2026 16:53:23 GMT-0300 (Horário Padrão de Brasília)
[debug] [2026-08-28T19:53:23.415Z] ----------------------------------------------------------------------
[debug] 
[debug] [2026-08-28T19:53:27.596Z] > command requires scopes: ["email","openid","https://www.googleapis.com/auth/cloudplatformprojects.readonly","https://www.googleapis.com/auth/firebase","https://www.googleapis.com/auth/cloud-platform"]
[debug] [2026-08-28T19:53:27.597Z] > authorizing via signed-in user (dominique.goncalves61@gmail.com)
[debug] [2026-08-28T19:53:27.597Z] [iam] checking project n for permissions ["firebase.projects.get","firebasehosting.sites.update"]
[debug] [2026-08-28T19:53:27.629Z] Checked if tokens are valid: true, expires at: 1787949499529
[debug] [2026-08-28T19:53:27.629Z] Checked if tokens are valid: true, expires at: 1787949499529
[debug] [2026-08-28T19:53:27.633Z] >>> [apiv2][query] POST https://cloudresourcemanager.googleapis.com/v1/projects/n:testIamPermissions [none]
[debug] [2026-08-28T19:53:27.633Z] >>> [apiv2][(partial)header] POST https://cloudresourcemanager.googleapis.com/v1/projects/n:testIamPermissions  x-goog-user-project=n
[debug] [2026-08-28T19:53:27.634Z] >>> [apiv2][body] POST https://cloudresourcemanager.googleapis.com/v1/projects/n:testIamPermissions {"permissions":["firebase.projects.get","firebasehosting.sites.update"]}
[debug] [2026-08-28T19:53:28.677Z] <<< [apiv2][status] POST https://cloudresourcemanager.googleapis.com/v1/projects/n:testIamPermissions 400
[debug] [2026-08-28T19:53:28.677Z] <<< [apiv2][body] POST https://cloudresourcemanager.googleapis.com/v1/projects/n:testIamPermissions {"error":{"code":400,"message":"Project 'projects/n' not found or deleted.","status":"INVALID_ARGUMENT","details":[{"@type":"type.googleapis.com/google.rpc.ErrorInfo","reason":"USER_PROJECT_DENIED","domain":"googleapis.com","metadata":{"consumer":"projects/n","service":"cloudresourcemanager.googleapis.com","containerInfo":"projects/n"}}]}}
[debug] [2026-08-28T19:53:28.680Z] [iam] error while checking permissions, command may fail: Request to https://cloudresourcemanager.googleapis.com/v1/projects/n:testIamPermissions had HTTP Error: 400, Project 'projects/n' not found or deleted.
[debug] [2026-08-28T19:53:28.682Z] Checked if tokens are valid: true, expires at: 1787949499529
[debug] [2026-08-28T19:53:28.682Z] Checked if tokens are valid: true, expires at: 1787949499529
[debug] [2026-08-28T19:53:28.683Z] >>> [apiv2][query] GET https://firebase.googleapis.com/v1beta1/projects/n [none]
[debug] [2026-08-28T19:53:29.086Z] <<< [apiv2][status] GET https://firebase.googleapis.com/v1beta1/projects/n 403
[debug] [2026-08-28T19:53:29.086Z] <<< [apiv2][body] GET https://firebase.googleapis.com/v1beta1/projects/n {"error":{"code":403,"message":"The caller does not have permission","status":"PERMISSION_DENIED"}}
[debug] [2026-08-28T19:53:29.087Z] Request to https://firebase.googleapis.com/v1beta1/projects/n had HTTP Error: 403, The caller does not have permission
[debug] [2026-08-28T19:53:29.228Z] FirebaseError: Request to https://firebase.googleapis.com/v1beta1/projects/n had HTTP Error: 403, The caller does not have permission
    at responseToError (C:\Users\dell\AppData\Roaming\npm\node_modules\firebase-tools\lib\responseToError.js:53:12)
    at RetryOperation._fn (C:\Users\dell\AppData\Roaming\npm\node_modules\firebase-tools\lib\apiv2.js:415:77)
    at process.processTicksAndRejections (node:internal/process/task_queues:103:5)
[error] 
[error] Error: Failed to get Firebase project n. Please make sure the project exists and your account has permission to access it.
